| function.ts:50:19:50:55 | configS ... E_URL') | function.ts:51:38:51:65 | `${inpu ... dpoint` | {TEMP_SERVICE_URL}/api/data/endpoint |
| function.ts:55:19:55:55 | configS ... E_URL') | function.ts:57:38:57:67 | `${temp ... dpoint` | {TEMP_SERVICE_URL}/api/data/endpoint |
| function.ts:64:25:64:74 | this.co ... E_URL') | function.ts:69:42:69:80 | `${this ... dpoint` | {TEMP_SERVICE_URL}/api/data/endpoint |
